Middlewares/ST/touchgfx/framework/include/touchgfx/hal/HAL.hpp:131:18:virtual void touchgfx::HAL::setDisplayOrientation(touchgfx::DisplayOrientation)	0	static
Middlewares/ST/touchgfx/framework/include/touchgfx/hal/HAL.hpp:242:18:virtual void touchgfx::HAL::submitGPU2D()	0	static
Middlewares/ST/touchgfx/framework/include/touchgfx/hal/HAL.hpp:717:18:virtual bool touchgfx::HAL::sampleKey(uint8_t&)	0	static
Middlewares/ST/touchgfx/framework/include/touchgfx/hal/HAL.hpp:790:18:virtual void touchgfx::HAL::setAnimationStorage(void*)	0	static
Middlewares/ST/touchgfx/framework/include/touchgfx/hal/HAL.hpp:828:18:virtual void touchgfx::HAL::waitForLTDCLines(uint16_t)	0	static
Middlewares/ST/touchgfx/framework/include/touchgfx/hal/HAL.hpp:972:30:virtual touchgfx::FlashDataReader* touchgfx::HAL::getFlashDataReader() const	0	static
Middlewares/ST/touchgfx/framework/include/touchgfx/hal/HAL.hpp:1134:18:virtual void touchgfx::HAL::taskDelay(uint16_t)	0	static
Middlewares/ST/touchgfx/framework/include/touchgfx/hal/HAL.hpp:1172:21:virtual touchgfx::DMAType touchgfx::HAL::getDMAType()	0	static
Middlewares/ST/touchgfx/framework/include/touchgfx/hal/HAL.hpp:1319:18:virtual void touchgfx::HAL::partialLTDCDeadlineMissed()	0	static
Middlewares/ST/touchgfx/framework/include/touchgfx/hal/HAL.hpp:1397:18:virtual void touchgfx::HAL::InvalidateCache()	0	static
Middlewares/ST/touchgfx/framework/include/touchgfx/hal/HAL.hpp:1407:18:virtual void touchgfx::HAL::FlushCache()	0	static
Middlewares/ST/touchgfx/framework/include/touchgfx/hal/HAL.hpp:1417:18:virtual void touchgfx::HAL::InvalidateTextureCache()	0	static
TouchGFX/Target/TouchGFXHAL.cpp:179:10:virtual uint16_t TouchGFXHAL::getTFTCurrentLine()	0	static
TouchGFX/Target/TouchGFXHAL.cpp:278:39:void FMC_BANK1_WriteReg(uint8_t)	8	static
TouchGFX/Target/TouchGFXHAL.cpp:285:39:void FMC_BANK1_WriteData(uint8_t)	8	static
TouchGFX/Target/TouchGFXHAL.cpp:298:13:void DMA_TxErrorCallback(DMA_HandleTypeDef*)	0	static
TouchGFX/Target/TouchGFXHAL.hpp:63:7:TouchGFXHAL::~TouchGFXHAL()	0	static
TouchGFX/Target/TouchGFXHAL.cpp:123:6:virtual bool TouchGFXHAL::beginFrame()	0	static
TouchGFX/Target/TouchGFXHAL.cpp:139:6:virtual void TouchGFXHAL::flushFrameBuffer(const touchgfx::Rect&)	16	static
TouchGFX/Target/TouchGFXHAL.cpp:189:11:virtual uint16_t* TouchGFXHAL::getTFTFrameBuffer() const	0	static
TouchGFX/Target/TouchGFXHAL.cpp:204:6:virtual void TouchGFXHAL::setTFTFrameBuffer(uint16_t*)	0	static
TouchGFX/Target/TouchGFXHAL.cpp:214:6:virtual bool TouchGFXHAL::blockCopy(void*, const void*, uint32_t)	0	static
TouchGFX/Target/TouchGFXHAL.cpp:223:6:virtual void TouchGFXHAL::configureInterrupts()	0	static
TouchGFX/Target/TouchGFXHAL.cpp:236:6:virtual void TouchGFXHAL::enableInterrupts()	0	static
TouchGFX/Target/TouchGFXHAL.cpp:249:6:virtual void TouchGFXHAL::disableInterrupts()	0	static
TouchGFX/Target/TouchGFXHAL.cpp:263:6:virtual void TouchGFXHAL::enableLCDControllerInterrupt()	0	static
TouchGFX/Target/TouchGFXHAL.cpp:273:6:virtual void TouchGFXHAL::endFrame()	0	static
Middlewares/ST/touchgfx/framework/include/touchgfx/hal/HAL.hpp:685:18:virtual void touchgfx::HAL::backPorchExited()	8	static
TouchGFX/Target/TouchGFXHAL.hpp:135:18:virtual void TouchGFXHAL::flushFrameBuffer()	0	static
TouchGFX/Target/TouchGFXHAL.hpp:63:7:virtual TouchGFXHAL::~TouchGFXHAL()	8	static
Middlewares/ST/touchgfx/framework/include/touchgfx/hal/HAL.hpp:1370:18:virtual void touchgfx::HAL::performDisplayOrientationChange()	8	static
Middlewares/ST/touchgfx/framework/include/touchgfx/hal/HAL.hpp:163:18:virtual void touchgfx::HAL::setFrameBufferSize(uint16_t, uint16_t)	8	static
Middlewares/ST/touchgfx/framework/include/touchgfx/hal/HAL.hpp:767:18:virtual void touchgfx::HAL::setFrameBufferStartAddresses(void*, void*, void*)	24	static
Middlewares/ST/touchgfx/framework/include/touchgfx/hal/HAL.hpp:358:28:virtual touchgfx::BlitOperations touchgfx::HAL::getBlitCaps()	0	static
TouchGFX/Target/TouchGFXHAL.cpp:317:6:void initLCD()	8	static
TouchGFX/Target/TouchGFXHAL.cpp:56:6:virtual void TouchGFXHAL::initialize()	16	static
TouchGFX/Target/TouchGFXHAL.cpp:416:6:void setDisplayWindow(uint32_t, uint32_t, uint32_t, uint32_t)	24	static
TouchGFX/Target/TouchGFXHAL.cpp:101:6:void sendNextFrameBufferBlockToDisplay()	16	static
TouchGFX/Target/TouchGFXHAL.cpp:170:13:void DMA_TxCpltCallback(DMA_HandleTypeDef*)	0	static
TouchGFX/Target/TouchGFXHAL.cpp:76:6:void HAL_GPIO_EXTI_Rising_Callback(uint16_t)	8	static
TouchGFX/Target/TouchGFXHAL.cpp:436:6:void HAL_GPIO_EXTI_Falling_Callback(uint16_t)	0	static
TouchGFX/Target/TouchGFXHAL.cpp:450:19:long int IdleTaskHook(void*)	8	static
TouchGFX/Target/TouchGFXHAL.cpp:462:1:cpp)	0	static
