Middlewares/ST/touchgfx/framework/include/touchgfx/Screen.hpp:104:18:virtual void touchgfx::Screen::afterTransition()	0	static
Middlewares/ST/touchgfx/framework/include/touchgfx/Screen.hpp:144:18:virtual void touchgfx::Screen::handleTickEvent()	0	static
Middlewares/ST/touchgfx/framework/include/touchgfx/Screen.hpp:154:18:virtual void touchgfx::Screen::handleKeyEvent(uint8_t)	0	static
TouchGFX/gui/src/setup_screen_screen/SETUP_SCREENView.cpp:13:6:virtual void SETUP_SCREENView::tearDownScreen()	0	static
TouchGFX/gui/include/gui/setup_screen_screen/SETUP_SCREENView.hpp:11:13:SETUP_SCREENView::~SETUP_SCREENView()	8	static
TouchGFX/gui/include/gui/setup_screen_screen/SETUP_SCREENView.hpp:11:13:virtual SETUP_SCREENView::~SETUP_SCREENView()	8	static
TouchGFX/gui/src/setup_screen_screen/SETUP_SCREENView.cpp:3:1:SETUP_SCREENView::SETUP_SCREENView()	8	static
TouchGFX/gui/src/setup_screen_screen/SETUP_SCREENView.cpp:8:6:virtual void SETUP_SCREENView::setupScreen()	0	static
