TouchGFX/gui/include/gui/setup_screen_screen/SETUP_SCREENPresenter.hpp:28:13:SETUP_SCREENPresenter::~SETUP_SCREENPresenter()	0	static
TouchGFX/gui/src/setup_screen_screen/SETUP_SCREENPresenter.cpp:10:6:virtual void SETUP_SCREENPresenter::activate()	0	static
TouchGFX/gui/include/gui/setup_screen_screen/SETUP_SCREENPresenter.hpp:28:13:virtual SETUP_SCREENPresenter::~SETUP_SCREENPresenter()	8	static
TouchGFX/gui/include/gui/setup_screen_screen/SETUP_SCREENPresenter.hpp:28:13:virtual void* SETUP_SCREENPresenter::_ZThn4_N21SETUP_SCREENPresenterD1Ev()	0	static
TouchGFX/gui/src/setup_screen_screen/SETUP_SCREENPresenter.cpp:4:1:SETUP_SCREENPresenter::SETUP_SCREENPresenter(SETUP_SCREENView&)	0	static
