Middlewares/ST/touchgfx/framework/include/touchgfx/Screen.hpp:104:18:virtual void touchgfx::Screen::afterTransition()	0	static
Middlewares/ST/touchgfx/framework/include/touchgfx/Screen.hpp:144:18:virtual void touchgfx::Screen::handleTickEvent()	0	static
Middlewares/ST/touchgfx/framework/include/touchgfx/Screen.hpp:154:18:virtual void touchgfx::Screen::handleKeyEvent(uint8_t)	0	static
TouchGFX/gui/src/automode_screen_screen/AUTOMODE_SCREENView.cpp:13:6:virtual void AUTOMODE_SCREENView::tearDownScreen()	0	static
TouchGFX/gui/include/gui/automode_screen_screen/AUTOMODE_SCREENView.hpp:11:13:AUTOMODE_SCREENView::~AUTOMODE_SCREENView()	8	static
TouchGFX/gui/include/gui/automode_screen_screen/AUTOMODE_SCREENView.hpp:11:13:virtual AUTOMODE_SCREENView::~AUTOMODE_SCREENView()	8	static
TouchGFX/gui/src/automode_screen_screen/AUTOMODE_SCREENView.cpp:3:1:AUTOMODE_SCREENView::AUTOMODE_SCREENView()	8	static
TouchGFX/gui/src/automode_screen_screen/AUTOMODE_SCREENView.cpp:8:6:virtual void AUTOMODE_SCREENView::setupScreen()	0	static
