Middlewares/ST/touchgfx/framework/include/touchgfx/Screen.hpp:104:18:virtual void touchgfx::Screen::afterTransition()	0	static
Middlewares/ST/touchgfx/framework/include/touchgfx/Screen.hpp:144:18:virtual void touchgfx::Screen::handleTickEvent()	0	static
Middlewares/ST/touchgfx/framework/include/touchgfx/Screen.hpp:154:18:virtual void touchgfx::Screen::handleKeyEvent(uint8_t)	0	static
TouchGFX/gui/src/manual_screen_screen/MANUAL_SCREENView.cpp:13:6:virtual void MANUAL_SCREENView::tearDownScreen()	0	static
TouchGFX/gui/include/gui/manual_screen_screen/MANUAL_SCREENView.hpp:11:13:MANUAL_SCREENView::~MANUAL_SCREENView()	8	static
TouchGFX/gui/include/gui/manual_screen_screen/MANUAL_SCREENView.hpp:11:13:virtual MANUAL_SCREENView::~MANUAL_SCREENView()	8	static
TouchGFX/gui/src/manual_screen_screen/MANUAL_SCREENView.cpp:3:1:MANUAL_SCREENView::MANUAL_SCREENView()	8	static
TouchGFX/gui/src/manual_screen_screen/MANUAL_SCREENView.cpp:8:6:virtual void MANUAL_SCREENView::setupScreen()	0	static
